#./src/main/resources/Entities.map
#Tue Aug 28 05:42:41 CEST 2018
user2=102
user1=101
manager2=95
manager1=94
custombox9=160
custombox8=154
custombox7=148
custombox6=142
custombox5=136
custombox4=130
custombox3=124
custombox2=118
custombox1=112
notificationbox9=157
notificationbox8=151
incidence2=106
notificationbox7=145
incidence1=105
notificationbox6=139
notificationbox5=133
notificationbox4=127
notificationbox3=121
notificationbox2=115
notificationbox1=109
administrator1=98
tabooWord5=165
tabooWord4=164
tabooWord3=163
tabooWord2=162
tabooWord1=161
customer2=104
customer1=103
userAccountUser4=87
spambox9=158
userAccountUser2=86
spambox8=152
userAccountUser1=85
spambox7=146
userAccountResponsable2=91
userAccountTechnician2=93
spambox6=140
userAccountResponsable1=90
userAccountTechnician1=92
spambox5=134
spambox4=128
spambox3=122
spambox2=116
spambox1=110
userAccountManager2=89
userAccountManager1=88
responsable2=100
responsable1=99
technician2=97
technician1=96
outbox9=156
outbox8=150
outbox7=144
outbox6=138
outbox5=132
outbox4=126
trashbox9=159
outbox3=120
userAccountAdmin=84
outbox2=114
trashbox8=153
outbox1=108
trashbox7=147
trashbox6=141
trashbox5=135
trashbox4=129
trashbox3=123
trashbox2=117
inbox9=155
trashbox1=111
inbox8=149
inbox7=143
configuration=166
inbox6=137
inbox5=131
inbox4=125
inbox3=119
inbox2=113
inbox1=107
