#./src/main/resources/Entities.map
#Sun Sep 02 03:45:52 CEST 2018
user3=125
user2=124
user1=123
manager2=116
manager1=115
custombox9=200
custombox8=194
custombox7=188
custombox6=182
custombox5=176
custombox4=170
custombox3=164
custombox2=158
custombox1=152
notificationbox9=197
incidence4=132
notificationbox8=191
incidence3=131
notificationbox7=185
incidence2=130
notificationbox6=179
incidence1=129
notificationbox5=173
notificationbox4=167
notificationbox3=161
notificationbox2=155
notificationbox1=149
administrator1=119
tabooWord5=205
tabooWord4=204
tabooWord3=203
tabooWord2=202
tabooWord1=201
labor14=146
labor13=145
labor12=144
labor11=143
labor10=142
customer3=128
customer2=127
customer1=126
spambox9=198
userAccountUser3=107
spambox8=192
userAccountUser2=106
spambox7=186
userAccountResponsable3=112
userAccountUser1=105
spambox6=180
userAccountResponsable2=111
userAccountTechnician2=114
userAccountResponsable1=110
userAccountTechnician1=113
spambox5=174
spambox4=168
spambox3=162
spambox2=156
spambox1=150
userAccountManager2=109
userAccountManager1=108
responsable3=122
responsable2=121
responsable1=120
labor9=141
labor8=140
technician2=118
labor7=139
technician1=117
labor6=138
labor5=137
labor4=136
outbox9=196
labor3=135
outbox8=190
labor2=134
outbox7=184
labor1=133
outbox6=178
outbox5=172
outbox4=166
trashbox9=199
outbox3=160
trashbox8=193
userAccountAdmin=104
outbox2=154
trashbox7=187
outbox1=148
trashbox6=181
trashbox5=175
trashbox4=169
trashbox3=163
trashbox2=157
inbox9=195
trashbox1=151
inbox8=189
inbox7=183
configuration=206
inbox6=177
inbox5=171
inbox4=165
inbox3=159
inbox2=153
inbox1=147
